warning: 'cli': found 12 file(s) which are unhandled; explicitly declare them as resources or exclude from the target
    /Users/motonishikoudai/verantyx-cli/cli/Sources/VeraCore/Backends/LinearAttentionShaders.metal
    /Users/motonishikoudai/verantyx-cli/cli/Sources/VeraCore/Backends/AttentionShaders.air
    /Users/motonishikoudai/verantyx-cli/cli/Sources/VeraCore/Backends/LinearAttentionShaders.metallib
    /Users/motonishikoudai/verantyx-cli/cli/Sources/VeraCore/Backends/LMHeadShaders.metal
    /Users/motonishikoudai/verantyx-cli/cli/Sources/VeraCore/Backends/LMHeadShaders.air
    /Users/motonishikoudai/verantyx-cli/cli/Sources/VeraCore/Backends/default.metallib
    /Users/motonishikoudai/verantyx-cli/cli/Sources/VeraCore/Backends/LinearAttentionShaders.air
    /Users/motonishikoudai/verantyx-cli/cli/Sources/VeraCore/Backends/VeraMetalBackend.swift.bak
    /Users/motonishikoudai/verantyx-cli/cli/Sources/VeraCore/Backends/AttentionShaders.metallib
    /Users/motonishikoudai/verantyx-cli/cli/Sources/VeraCore/Backends/Shaders.metal
    /Users/motonishikoudai/verantyx-cli/cli/Sources/VeraCore/Backends/AttentionShaders.metal
    /Users/motonishikoudai/verantyx-cli/cli/Sources/VeraCore/Backends/Shaders.air
[0/1] Planning build
Building for production...
[0/2] Write swift-version--58304C5D6DBC2206.txt
[2/3] Compiling VeraCore AsynchronousPrefetcher.swift
/Users/motonishikoudai/verantyx-cli/cli/Sources/VeraCore/Backends/VeraMetalBackend.swift:1224:1: error: expected '}' in class
  10 | }
  11 | 
  12 | public class VeraMetalBackend {
     |                               `- note: to match this opening '{'
  13 |     private let device: MTLDevice
  14 |     private let commandQueue: MTLCommandQueue
     :
1222 |             }
1223 | }
1224 | 
     | `- error: expected '}' in class

/Users/motonishikoudai/verantyx-cli/cli/Sources/VeraCore/Backends/AsynchronousPrefetcher.swift:15:13: warning: result of call to 'fcntl' is unused [#no-usage]
 13 |             fputs("[-] Failed to open .jcross file for asynchronous prefetch.\n", stderr)
 14 |         } else {
 15 |             fcntl(self.fd, F_NOCACHE, 1)
    |             `- warning: result of call to 'fcntl' is unused [#no-usage]
 16 |         }
 17 |         return self.fd != -1

/Users/motonishikoudai/verantyx-cli/cli/Sources/VeraCore/Backends/AsynchronousPrefetcher.swift:69:21: warning: immutable value 'i' was never used; consider replacing with '_' or removing it [#no-usage]
 67 |                 let subChunkSize = ((totalLength / 6) / 16384) * 16384 // 16KB aligned
 68 |                 var currentStart = chunk.startOffset
 69 |                 for i in 0..<5 {
    |                     `- warning: immutable value 'i' was never used; consider replacing with '_' or removing it [#no-usage]
 70 |                     finalChunks.append(SparseChunk(startOffset: currentStart, endOffset: currentStart + subChunkSize))
 71 |                     currentStart += subChunkSize

/Users/motonishikoudai/verantyx-cli/cli/Sources/VeraCore/Backends/LayerScout.swift:12:21: warning: 'cblas_sgemv' was deprecated in macOS 13.3: An updated CBLAS interface supporting ILP64 is available.  Please compile with -DACCELERATE_NEW_LAPACK to access the new headers and -DACCELERATE_LAPACK_ILP64 for ILP64 support. [#DeprecatedDeclaration]
10 |             w1.withUnsafeBufferPointer { w1Ptr in
11 |                 hidden.withUnsafeMutableBufferPointer { hPtr in
12 |                     cblas_sgemv(CblasRowMajor, CblasTrans,
   |                     `- warning: 'cblas_sgemv' was deprecated in macOS 13.3: An updated CBLAS interface supporting ILP64 is available.  Please compile with -DACCELERATE_NEW_LAPACK to access the new headers and -DACCELERATE_LAPACK_ILP64 for ILP64 support. [#DeprecatedDeclaration]
13 |                                 Int32(inDim), Int32(rank),
14 |                                 1.0, w1Ptr.baseAddress!, Int32(rank),

/Users/motonishikoudai/verantyx-cli/cli/Sources/VeraCore/Backends/LayerScout.swift:26:21: warning: 'cblas_sgemv' was deprecated in macOS 13.3: An updated CBLAS interface supporting ILP64 is available.  Please compile with -DACCELERATE_NEW_LAPACK to access the new headers and -DACCELERATE_LAPACK_ILP64 for ILP64 support. [#DeprecatedDeclaration]
24 |             w2.withUnsafeBufferPointer { w2Ptr in
25 |                 output.withUnsafeMutableBufferPointer { outPtr in
26 |                     cblas_sgemv(CblasRowMajor, CblasNoTrans,
   |                     `- warning: 'cblas_sgemv' was deprecated in macOS 13.3: An updated CBLAS interface supporting ILP64 is available.  Please compile with -DACCELERATE_NEW_LAPACK to access the new headers and -DACCELERATE_LAPACK_ILP64 for ILP64 support. [#DeprecatedDeclaration]
27 |                                 Int32(outDim), Int32(rank),
28 |                                 1.0, w2Ptr.baseAddress!, Int32(rank),

/Users/motonishikoudai/verantyx-cli/cli/Sources/VeraCore/Backends/VeraMetalBackend.swift:98:41: warning: 'makeLibrary(filepath:)' was deprecated in macOS 13.0: Use -newLibraryWithURL:error: instead [#DeprecatedDeclaration]
  96 |         if isVerbose { fputs("[*] Compiling Metal Shaders...\n", stderr); fflush(stderr) }
  97 |         
  98 |         guard let library = try? device.makeLibrary(filepath: "default.metallib") else {
     |                                         `- warning: 'makeLibrary(filepath:)' was deprecated in macOS 13.0: Use -newLibraryWithURL:error: instead [#DeprecatedDeclaration]
  99 |             if isVerbose { fputs("[-] Error: default.metallib not found in current directory.\n", stderr); fflush(stderr) }
 100 |             return false

/Users/motonishikoudai/verantyx-cli/cli/Sources/VeraCore/Backends/VeraMetalBackend.swift:389:37: warning: result of call to 'withUnsafeBytes' is unused [#no-usage]
 387 |                     fflush(stderr)
 388 |                     
 389 |                     accumulatedData.withUnsafeBytes { rawPtr in
     |                                     `- warning: result of call to 'withUnsafeBytes' is unused [#no-usage]
 390 |                         memcpy(zSpineBuffer.contents(), rawPtr.baseAddress!, spineLength)
 391 |                     }

/Users/motonishikoudai/verantyx-cli/cli/Sources/VeraCore/Backends/VeraMetalBackend.swift:235:19: warning: value 'globalSumBuffer' was defined but never used; consider replacing with boolean test [#no-usage]
 233 |         guard let upOutBuffer = device.makeBuffer(length: intDim * 4, options: .storageModeShared) else { return }
 234 |         guard let downOutBuffer = device.makeBuffer(length: dim * 4, options: .storageModeShared) else { return }
 235 |         guard let globalSumBuffer = device.makeBuffer(length: 4, options: .storageModeShared) else { return }
     |                   `- warning: value 'globalSumBuffer' was defined but never used; consider replacing with boolean test [#no-usage]
 236 |         
 237 |         guard let tempQBuffer = device.makeBuffer(length: 12288 * 4, options: .storageModeShared) else { return }

/Users/motonishikoudai/verantyx-cli/cli/Sources/VeraCore/Backends/VeraMetalBackend.swift:244:19: warning: value 'outQkvBuffer' was defined but never used; consider replacing with boolean test [#no-usage]
 242 |         guard let vOutBuffer = device.makeBuffer(length: 1024 * 4, options: .storageModeShared) else { return }
 243 |         
 244 |         guard let outQkvBuffer = device.makeBuffer(length: 10240 * 4, options: .storageModeShared) else { return }
     |                   `- warning: value 'outQkvBuffer' was defined but never used; consider replacing with boolean test [#no-usage]
 245 |         guard let outBBuffer = device.makeBuffer(length: 64 * 4, options: .storageModeShared) else { return }
 246 |         guard let outABuffer = device.makeBuffer(length: 64 * 4, options: .storageModeShared) else { return }

/Users/motonishikoudai/verantyx-cli/cli/Sources/VeraCore/Backends/VeraMetalBackend.swift:245:19: warning: value 'outBBuffer' was defined but never used; consider replacing with boolean test [#no-usage]
 243 |         
 244 |         guard let outQkvBuffer = device.makeBuffer(length: 10240 * 4, options: .storageModeShared) else { return }
 245 |         guard let outBBuffer = device.makeBuffer(length: 64 * 4, options: .storageModeShared) else { return }
     |                   `- warning: value 'outBBuffer' was defined but never used; consider replacing with boolean test [#no-usage]
 246 |         guard let outABuffer = device.makeBuffer(length: 64 * 4, options: .storageModeShared) else { return }
 247 |         

/Users/motonishikoudai/verantyx-cli/cli/Sources/VeraCore/Backends/VeraMetalBackend.swift:246:19: warning: value 'outABuffer' was defined but never used; consider replacing with boolean test [#no-usage]
 244 |         guard let outQkvBuffer = device.makeBuffer(length: 10240 * 4, options: .storageModeShared) else { return }
 245 |         guard let outBBuffer = device.makeBuffer(length: 64 * 4, options: .storageModeShared) else { return }
 246 |         guard let outABuffer = device.makeBuffer(length: 64 * 4, options: .storageModeShared) else { return }
     |                   `- warning: value 'outABuffer' was defined but never used; consider replacing with boolean test [#no-usage]
 247 |         
 248 |         // 64 layers * 4096 max seq len * 2 (K, V) * 1024 (heads * head_dim) * 2 bytes (half precision)

/Users/motonishikoudai/verantyx-cli/cli/Sources/VeraCore/Backends/VeraMetalBackend.swift:344:25: warning: variable 'tokenId' was never mutated; consider changing to 'let' constant
 342 |                 if let embedPtr = self.embedMmapPtr, let embed = self.embedBuffer {
 343 |                     // Token ID mode
 344 |                     var tokenId = accumulatedData.withUnsafeBytes { $0.load(as: UInt32.self) }
     |                         `- warning: variable 'tokenId' was never mutated; consider changing to 'let' constant
 345 |                     var dim32 = UInt32(dim)
 346 |                     

/Users/motonishikoudai/verantyx-cli/cli/Sources/VeraCore/Backends/VeraMetalBackend.swift:429:29: warning: initialization of immutable value 'weightBufferSize' was never used; consider replacing with assignment to '_' or removing it [#no-usage]
 427 |                         fflush(stderr)
 428 |                         
 429 |                         let weightBufferSize = blockCount * 64 * 64 * 2
     |                             `- warning: initialization of immutable value 'weightBufferSize' was never used; consider replacing with assignment to '_' or removing it [#no-usage]
 430 |                         let infoBufferSize = blockCount * MemoryLayout<BlockInfo>.stride
 431 |                         

/Users/motonishikoudai/verantyx-cli/cli/Sources/VeraCore/Backends/VeraMetalBackend.swift:501:29: warning: initialization of immutable value 'startGPU' was never used; consider replacing with assignment to '_' or removing it [#no-usage]
 499 |                         currentEncoder.setBuffer(globalInfoBuffer, offset: layerInfoOffset, index: 4)
 500 |                         
 501 |                         let startGPU = CFAbsoluteTimeGetCurrent()
     |                             `- warning: initialization of immutable value 'startGPU' was never used; consider replacing with assignment to '_' or removing it [#no-usage]
 502 |                         currentEncoder.dispatchThreadgroups(MTLSizeMake(blockCount, 1, 1), threadsPerThreadgroup: MTLSizeMake(64, 1, 1))
 503 |                         // We can't measure GPU time here directly without waiting, but we can measure command encoding time

/Users/motonishikoudai/verantyx-cli/cli/Sources/VeraCore/Backends/VeraMetalBackend.swift:653:29: warning: variable 'qSizeFloat' was never mutated; consider changing to 'let' constant
 651 |                         encoder.dispatchThreadgroups(MTLSizeMake((dim + 63) / 64, 1, 1), threadsPerThreadgroup: MTLSizeMake(64, 1, 1))
 652 |                         
 653 |                         var qSizeFloat = qBlocks.count * 64 / (5120 / 64)
     |                             `- warning: variable 'qSizeFloat' was never mutated; consider changing to 'let' constant
 654 |                         var fullQHeads: UInt32 = UInt32(qSizeFloat / 256)
 655 |                         if fullQHeads == 0 { fullQHeads = 24 } // fallback

/Users/motonishikoudai/verantyx-cli/cli/Sources/VeraCore/Backends/VeraMetalBackend.swift:656:29: warning: variable 'fullKvHeads' was never mutated; consider changing to 'let' constant
 654 |                         var fullQHeads: UInt32 = UInt32(qSizeFloat / 256)
 655 |                         if fullQHeads == 0 { fullQHeads = 24 } // fallback
 656 |                         var fullKvHeads: UInt32 = 4
     |                             `- warning: variable 'fullKvHeads' was never mutated; consider changing to 'let' constant
 657 |                         var fullHeadDim: UInt32 = 256
 658 |                         var actualQHeads = fullQHeads

[#DeprecatedDeclaration]: <https://docs.swift.org/compiler/documentation/diagnostics/deprecated-declaration>
